// Jest Snapshot v1, https://goo.gl/fbAQLP

exports[`base config works correctly [client] 1`] = `
"
import adapter from \\"/home/mrcheater/resolve/packages/resolve-scripts/test/alias/files/testAdapter.js\\"

const options = {
  \\"url\\": \\"http://test.test\\"
}

export default { adapter, options }
"
`;

exports[`base config works correctly [server] 1`] = `
"
import adapter from \\"/home/mrcheater/resolve/packages/resolve-scripts/test/alias/files/testAdapter.js\\"

const options = {
  \\"url\\": \\"http://test.test\\"
}

export default { adapter, options }
"
`;
