// Jest Snapshot v1, https://goo.gl/fbAQLP

exports[`base config works correctly [client] 1`] = `
"
import routes from \\"/home/mrcheater/resolve/packages/resolve-scripts/test/alias/files/testRoutes.js\\"

export default routes
"
`;

exports[`base config works correctly [server] 1`] = `
"
import routes from \\"/home/mrcheater/resolve/packages/resolve-scripts/test/alias/files/testRoutes.js\\"

export default routes
"
`;
